// Jest Snapshot v1, https://goo.gl/fbAQLP

exports[`Layout renders correctly 1`] = `
<div
  className="css-1qldoov-Layout"
>
  <div
    className="css-1jhlbdc-Header"
  >
    <nav
      className="css-1be44vx-Menu"
    >
      <label
        htmlFor="menu-checkbox"
      >
        ☰
      </label>
      <input
        defaultChecked={false}
        id="menu-checkbox"
        onChange={[Function]}
        type="checkbox"
      />
      <ul
        css={
          Object {
            "display": "none",
          }
        }
      >
        <a
          href="/"
        >
          <li>
            <span
              className="first-breadcrumb"
            >
              Home
            </span>
          </li>
        </a>
      </ul>
    </nav>
  </div>
  <div
    className="css-15phz5z-MainContent"
  >
    <div>
      hello
    </div>
  </div>
</div>
`;
