// Jest Snapshot v1, https://goo.gl/fbAQLP

exports[`Layout renders correctly 1`] = `
<div
  className="css-1czag6s-Layout"
>
  <header
    className="css-1upivqb-Header"
  >
    <nav>
      <a
        href="/"
      >
        <span
          className="first-breadcrumb"
        >
          Home
        </span>
      </a>
    </nav>
  </header>
  <main
    className="css-11l540n-Main"
  >
    <div>
      hello
    </div>
  </main>
</div>
`;
