// Jest Snapshot v1, https://goo.gl/fbAQLP

exports[`Index renders correctly 1`] = `
<div
  className="wrapper"
>
  <header>
    <nav
      className="container"
    >
      <a
        href="/"
      >
        Home
      </a>
    </nav>
  </header>
  <div
    className="container page"
  >
    <div
      className="listing-page"
    >
      <section>
        <article
          className="folder"
          role="folder"
        >
          <a
            href="/2019-puerto-rico"
          >
            <div
              className=" gatsby-image-wrapper"
              style={
                Object {
                  "display": "inline-block",
                  "height": 250,
                  "overflow": "hidden",
                  "position": "relative",
                  "width": 250,
                }
              }
            >
              <picture>
                <source
                  srcSet="/static/b75d8bd08d0e30f3925cc6187ddc8b84/f17d3/folder.png 1x"
                />
                <img
                  alt="2019 Puerto Rico"
                  height={250}
                  loading="lazy"
                  onLoad={[Function]}
                  src="/static/b75d8bd08d0e30f3925cc6187ddc8b84/f17d3/folder.png"
                  srcSet="/static/b75d8bd08d0e30f3925cc6187ddc8b84/f17d3/folder.png 1x"
                  style={
                    Object {
                      "height": "100%",
                      "left": 0,
                      "objectFit": "cover",
                      "objectPosition": "center",
                      "opacity": 0,
                      "position": "absolute",
                      "top": 0,
                      "transition": "opacity 500ms",
                      "width": "100%",
                    }
                  }
                  width={250}
                />
              </picture>
              <noscript
                dangerouslySetInnerHTML={
                  Object {
                    "__html": "<picture><source srcset=\\"/static/b75d8bd08d0e30f3925cc6187ddc8b84/f17d3/folder.png 1x\\" /><img loading=\\"lazy\\" width=\\"250\\" height=\\"250\\" srcset=\\"/static/b75d8bd08d0e30f3925cc6187ddc8b84/f17d3/folder.png 1x\\" src=\\"/static/b75d8bd08d0e30f3925cc6187ddc8b84/f17d3/folder.png\\" alt=\\"2019 Puerto Rico\\" style=\\"position:absolute;top:0;left:0;opacity:1;width:100%;height:100%;object-fit:cover;object-position:center\\"/></picture>",
                  }
                }
              />
            </div>
            <div
              className="folder-title"
            >
              2019 Puerto Rico
            </div>
          </a>
        </article>
        <article
          className="file"
          role="file"
        >
          <a
            href="/IMG_20190810_110416612-small.jpg"
          >
            <div
              className=" gatsby-image-wrapper"
              style={
                Object {
                  "display": "inline-block",
                  "height": 250,
                  "overflow": "hidden",
                  "position": "relative",
                  "width": 250,
                }
              }
            >
              <picture>
                <source
                  srcSet="/static/bd5e73a4e4ef1e6c999f05a63948fb15/284df/IMG_20190814_113735817-small.jpg 1x"
                />
                <img
                  alt="Img_20190810_110416612 Small"
                  height={250}
                  loading="lazy"
                  onLoad={[Function]}
                  src="/static/bd5e73a4e4ef1e6c999f05a63948fb15/284df/IMG_20190814_113735817-small.jpg"
                  srcSet="/static/bd5e73a4e4ef1e6c999f05a63948fb15/284df/IMG_20190814_113735817-small.jpg 1x"
                  style={
                    Object {
                      "height": "100%",
                      "left": 0,
                      "objectFit": "cover",
                      "objectPosition": "center",
                      "opacity": 0,
                      "position": "absolute",
                      "top": 0,
                      "transition": "opacity 500ms",
                      "width": "100%",
                    }
                  }
                  width={250}
                />
              </picture>
              <noscript
                dangerouslySetInnerHTML={
                  Object {
                    "__html": "<picture><source srcset=\\"/static/bd5e73a4e4ef1e6c999f05a63948fb15/284df/IMG_20190814_113735817-small.jpg 1x\\" /><img loading=\\"lazy\\" width=\\"250\\" height=\\"250\\" srcset=\\"/static/bd5e73a4e4ef1e6c999f05a63948fb15/284df/IMG_20190814_113735817-small.jpg 1x\\" src=\\"/static/bd5e73a4e4ef1e6c999f05a63948fb15/284df/IMG_20190814_113735817-small.jpg\\" alt=\\"Img_20190810_110416612 Small\\" style=\\"position:absolute;top:0;left:0;opacity:1;width:100%;height:100%;object-fit:cover;object-position:center\\"/></picture>",
                  }
                }
              />
            </div>
          </a>
        </article>
      </section>
    </div>
    <div
      className="pager"
    />
    <br />
  </div>
</div>
`;
