// Jest Snapshot v1, https://goo.gl/fbAQLP

exports[`Photo renders correctly 1`] = `
<div
  className="wrapper"
>
  <header>
    <nav
      className="container"
    >
      <a
        href="1.jpg"
      >
        1
      </a>
    </nav>
  </header>
  <div
    className="container page"
  >
    <div
      className="photo-page"
      data-testid="1.jpg"
    >
      <div
        className=" gatsby-image-wrapper"
        style={
          Object {
            "overflow": "hidden",
            "position": "relative",
          }
        }
      >
        <div
          style={
            Object {
              "paddingBottom": "75%",
              "width": "100%",
            }
          }
        />
        <img
          alt=""
          src="data:image/jpeg;base64,/9j/2wBDABALDA4MChAODQ4SERATGCgaGBYWGDEjJR0oOjM9PDkzODdASFxOQERXRTc4UG1RV19iZ2hnPk1xeXBkeFxlZ2P/2wBDARESEhgVGC8aGi9jQjhCY2NjY2NjY2NjY2NjY2NjY2NjY2NjY2NjY2NjY2NjY2NjY2NjY2NjY2NjY2NjY2NjY2P/wgARCAAPABQDASIAAhEBAxEB/8QAGAAAAwEBAAAAAAAAAAAAAAAAAAQFAQP/xAAVAQEBAAAAAAAAAAAAAAAAAAABAP/aAAwDAQACEAMQAAABxyT0CiIDf//EABwQAAIBBQEAAAAAAAAAAAAAAAACAQMEEBESE//aAAgBAQABBQKlcHqrEuuOjcn/xAAUEQEAAAAAAAAAAAAAAAAAAAAQ/9oACAEDAQE/AT//xAAVEQEBAAAAAAAAAAAAAAAAAAAQEf/aAAgBAgEBPwGn/8QAGhAAAQUBAAAAAAAAAAAAAAAAAAECEBExkf/aAAgBAQAGPwKn9mzVNP/EABsQAQACAwEBAAAAAAAAAAAAAAEAESExURCB/9oACAEBAAE/IWNSdTqK4S1i40YGpY0H3wf/2gAMAwEAAgADAAAAEAzP/8QAFREBAQAAAAAAAAAAAAAAAAAAEQD/2gAIAQMBAT8QCL//xAAWEQEBAQAAAAAAAAAAAAAAAAAAEQH/2gAIAQIBAT8Qylf/xAAbEAEBAQEAAwEAAAAAAAAAAAABEQBBITFRcf/aAAgBAQABPxCSEdrGnH7vMEV7XmDCnkcIEVXCkAIo1DW7f0Lv/9k="
          style={
            Object {
              "height": "100%",
              "left": 0,
              "objectFit": "cover",
              "objectPosition": "center",
              "opacity": 1,
              "position": "absolute",
              "top": 0,
              "transitionDelay": "500ms",
              "width": "100%",
            }
          }
          title="1"
        />
        <picture>
          <source
            sizes="(max-width: 1024px) 100vw, 1024px"
            srcSet="/static/d48e4ab75840455d20bbbb33140bcdaa/160a1/IMG_20190801_180122560_HDR-small.jpg 512w,
/static/d48e4ab75840455d20bbbb33140bcdaa/4271c/IMG_20190801_180122560_HDR-small.jpg 614w,
/static/d48e4ab75840455d20bbbb33140bcdaa/42a5a/IMG_20190801_180122560_HDR-small.jpg 819w,
/static/d48e4ab75840455d20bbbb33140bcdaa/426ce/IMG_20190801_180122560_HDR-small.jpg 1024w"
          />
          <img
            alt="1"
            loading="lazy"
            onLoad={[Function]}
            sizes="(max-width: 1024px) 100vw, 1024px"
            src="/static/d48e4ab75840455d20bbbb33140bcdaa/426ce/IMG_20190801_180122560_HDR-small.jpg"
            srcSet="/static/d48e4ab75840455d20bbbb33140bcdaa/160a1/IMG_20190801_180122560_HDR-small.jpg 512w,
/static/d48e4ab75840455d20bbbb33140bcdaa/4271c/IMG_20190801_180122560_HDR-small.jpg 614w,
/static/d48e4ab75840455d20bbbb33140bcdaa/42a5a/IMG_20190801_180122560_HDR-small.jpg 819w,
/static/d48e4ab75840455d20bbbb33140bcdaa/426ce/IMG_20190801_180122560_HDR-small.jpg 1024w"
            style={
              Object {
                "height": "100%",
                "left": 0,
                "objectFit": "cover",
                "objectPosition": "center",
                "opacity": 0,
                "position": "absolute",
                "top": 0,
                "transition": "opacity 500ms",
                "width": "100%",
              }
            }
            title="1"
          />
        </picture>
        <noscript
          dangerouslySetInnerHTML={
            Object {
              "__html": "<picture><source srcset=\\"/static/d48e4ab75840455d20bbbb33140bcdaa/160a1/IMG_20190801_180122560_HDR-small.jpg 512w,
/static/d48e4ab75840455d20bbbb33140bcdaa/4271c/IMG_20190801_180122560_HDR-small.jpg 614w,
/static/d48e4ab75840455d20bbbb33140bcdaa/42a5a/IMG_20190801_180122560_HDR-small.jpg 819w,
/static/d48e4ab75840455d20bbbb33140bcdaa/426ce/IMG_20190801_180122560_HDR-small.jpg 1024w\\" sizes=\\"(max-width: 1024px) 100vw, 1024px\\" /><img loading=\\"lazy\\" sizes=\\"(max-width: 1024px) 100vw, 1024px\\" srcset=\\"/static/d48e4ab75840455d20bbbb33140bcdaa/160a1/IMG_20190801_180122560_HDR-small.jpg 512w,
/static/d48e4ab75840455d20bbbb33140bcdaa/4271c/IMG_20190801_180122560_HDR-small.jpg 614w,
/static/d48e4ab75840455d20bbbb33140bcdaa/42a5a/IMG_20190801_180122560_HDR-small.jpg 819w,
/static/d48e4ab75840455d20bbbb33140bcdaa/426ce/IMG_20190801_180122560_HDR-small.jpg 1024w\\" src=\\"/static/d48e4ab75840455d20bbbb33140bcdaa/426ce/IMG_20190801_180122560_HDR-small.jpg\\" alt=\\"1\\" title=\\"1\\" style=\\"position:absolute;top:0;left:0;opacity:1;width:100%;height:100%;object-fit:cover;object-position:center\\"/></picture>",
            }
          }
        />
      </div>
    </div>
  </div>
</div>
`;
