// Jest Snapshot v1, https://goo.gl/fbAQLP

exports[`Photo renders correctly 1`] = `
<div
  className="css-1czag6s-Layout"
>
  <header
    className="css-1upivqb-Header"
  >
    <nav>
      <a
        href="/"
      >
        <span
          className="first-breadcrumb"
        >
          Home
        </span>
      </a>
      <a
        href="/base"
      >
        Base
      </a>
      <a
        href="/base/1"
      >
        1
      </a>
    </nav>
  </header>
  <main
    className="css-11l540n-Main"
  >
    <div
      className="photo-page"
      data-testid="/base/1"
    >
      <div
        className=" gatsby-image-wrapper"
        style={
          Object {
            "display": "inline-block",
            "height": 250,
            "overflow": "hidden",
            "position": "relative",
            "width": 250,
          }
        }
      >
        <picture>
          <source
            srcSet="/static/blah/blah/1.jpg 1x"
          />
          <img
            alt="1"
            height={250}
            loading="eager"
            onLoad={[Function]}
            src="/static/blah/blah/1.jpg"
            srcSet="/static/blah/blah/1.jpg 1x"
            style={
              Object {
                "height": "100%",
                "left": 0,
                "objectFit": "cover",
                "objectPosition": "center",
                "opacity": 0,
                "position": "absolute",
                "top": 0,
                "transition": "opacity 500ms",
                "width": "100%",
              }
            }
            title="1"
            width={250}
          />
        </picture>
        <noscript
          dangerouslySetInnerHTML={
            Object {
              "__html": "<picture><source srcset=\\"/static/blah/blah/1.jpg 1x\\" /><img loading=\\"eager\\" width=\\"250\\" height=\\"250\\" srcset=\\"/static/blah/blah/1.jpg 1x\\" src=\\"/static/blah/blah/1.jpg\\" alt=\\"1\\" title=\\"1\\" style=\\"position:absolute;top:0;left:0;opacity:1;width:100%;height:100%;object-fit:cover;object-position:center\\"/></picture>",
            }
          }
        />
      </div>
    </div>
  </main>
</div>
`;
