// Jest Snapshot v1, https://goo.gl/fbAQLP

exports[`Photo renders correctly 1`] = `
<div
  className="css-1qldoov-Layout"
>
  <div
    className="css-1jhlbdc-Header"
  >
    <nav
      className="css-1be44vx-Menu"
    >
      <label
        htmlFor="menu-checkbox"
      >
        ☰
      </label>
      <input
        defaultChecked={false}
        id="menu-checkbox"
        onChange={[Function]}
        type="checkbox"
      />
      <ul
        css={
          Object {
            "display": "none",
          }
        }
      >
        <a
          href="/"
        >
          <li>
            <span
              className="first-breadcrumb"
            >
              Home
            </span>
          </li>
        </a>
        <a
          href="/base"
        >
          <li>
            Base
          </li>
        </a>
        <a
          href="/base/1"
        >
          <li>
            1
          </li>
        </a>
      </ul>
    </nav>
  </div>
  <div
    className="css-15phz5z-MainContent"
  >
    <div
      data-testid="/base/1"
      onMouseDown={[Function]}
    >
      <div
        className="css-3q5667-Photo"
      >
        <div
          className="photo-navigation previous"
        >
          <div>
            <a
              href="/prev"
            >
              ◄
            </a>
          </div>
        </div>
        <div
          className=" gatsby-image-wrapper"
          style={
            Object {
              "display": "inline-block",
              "height": 250,
              "overflow": "hidden",
              "position": "relative",
              "width": 250,
            }
          }
        >
          <picture>
            <source
              srcSet="/static/blah/blah/1.jpg 1x"
            />
            <img
              alt="1"
              draggable={false}
              height={250}
              loading="eager"
              onLoad={[Function]}
              src="/static/blah/blah/1.jpg"
              srcSet="/static/blah/blah/1.jpg 1x"
              style={
                Object {
                  "height": "100%",
                  "left": 0,
                  "objectFit": "cover",
                  "objectPosition": "center",
                  "opacity": 0,
                  "position": "absolute",
                  "top": 0,
                  "transition": "opacity 500ms",
                  "width": "100%",
                }
              }
              title="1"
              width={250}
            />
          </picture>
          <noscript
            dangerouslySetInnerHTML={
              Object {
                "__html": "<picture><source srcset=\\"/static/blah/blah/1.jpg 1x\\" /><img loading=\\"eager\\" width=\\"250\\" height=\\"250\\" srcset=\\"/static/blah/blah/1.jpg 1x\\" src=\\"/static/blah/blah/1.jpg\\" alt=\\"1\\" title=\\"1\\" style=\\"position:absolute;top:0;left:0;opacity:1;width:100%;height:100%;object-fit:cover;object-position:center\\"/></picture>",
              }
            }
          />
        </div>
        <div
          className="photo-navigation parent"
        >
          <div>
            <a
              href="/parent"
            >
              ⯅
            </a>
          </div>
        </div>
        <div
          className="photo-navigation next"
        >
          <div>
            <a
              href="/next"
            >
              ►
            </a>
          </div>
        </div>
      </div>
    </div>
  </div>
</div>
`;
