// Jest Snapshot v1, https://goo.gl/fbAQLP

exports[`Photo renders correctly 1`] = `
<div
  className="css-1ala8gf-Layout"
>
  <header
    className="css-a1lwk2-Header"
  >
    <nav
      css={
        Object {
          "map": undefined,
          "name": "1wrhuiq",
          "next": undefined,
          "styles": "
    background-color: #6bccf9;
  ",
          "toString": [Function],
        }
      }
    >
      <label
        css={
          Object {
            "map": undefined,
            "name": "1pss38v",
            "next": undefined,
            "styles": "
    font-size: 2rem;
    width: 3rem;
    height: 3rem;
    display: flex;
    justify-content: center;
    align-items: center;
    cursor: pointer;
  ",
            "toString": [Function],
          }
        }
        htmlFor="menu-checkbox"
      >
        ☰
      </label>
      <input
        css={
          Object {
            "display": "none",
          }
        }
        defaultChecked={false}
        id="menu-checkbox"
        onChange={[Function]}
        type="checkbox"
      />
      <ul
        css={
          Object {
            "map": undefined,
            "name": "vm8o2u",
            "next": undefined,
            "styles": "
    list-style-type: none;
    margin: 0;
    padding: 0;
    display: none;
  ",
            "toString": [Function],
          }
        }
      >
        <a
          href="/"
        >
          <li
            css={
              Object {
                "map": undefined,
                "name": "lmlfqw",
                "next": undefined,
                "styles": "
    display: block;
    padding: .5rem;
    /*box-sizing: border-box;*/
    border-top: 1px solid;
  ",
                "toString": [Function],
              }
            }
          >
            <span
              className="first-breadcrumb"
            >
              Home
            </span>
          </li>
        </a>
        <a
          href="/base"
        >
          <li
            css={
              Object {
                "map": undefined,
                "name": "lmlfqw",
                "next": undefined,
                "styles": "
    display: block;
    padding: .5rem;
    /*box-sizing: border-box;*/
    border-top: 1px solid;
  ",
                "toString": [Function],
              }
            }
          >
            Base
          </li>
        </a>
        <a
          href="/base/1"
        >
          <li
            css={
              Object {
                "map": undefined,
                "name": "lmlfqw",
                "next": undefined,
                "styles": "
    display: block;
    padding: .5rem;
    /*box-sizing: border-box;*/
    border-top: 1px solid;
  ",
                "toString": [Function],
              }
            }
          >
            1
          </li>
        </a>
      </ul>
    </nav>
  </header>
  <main
    className="css-gyipzr-Main"
  >
    <div
      onMouseDown={[Function]}
    >
      <div
        className="photo-page"
        css={
          Object {
            "height": 768,
          }
        }
        data-testid="/base/1"
      >
        <div
          className="photo-navigation previous"
        >
          <div>
            <a
              href="/prev"
            >
              ◄
            </a>
          </div>
        </div>
        <div
          className=" gatsby-image-wrapper"
          style={
            Object {
              "display": "inline-block",
              "height": 250,
              "overflow": "hidden",
              "position": "relative",
              "width": 250,
            }
          }
        >
          <picture>
            <source
              srcSet="/static/blah/blah/1.jpg 1x"
            />
            <img
              alt="1"
              draggable={false}
              height={250}
              loading="eager"
              onLoad={[Function]}
              src="/static/blah/blah/1.jpg"
              srcSet="/static/blah/blah/1.jpg 1x"
              style={
                Object {
                  "height": "100%",
                  "left": 0,
                  "objectFit": "cover",
                  "objectPosition": "center",
                  "opacity": 0,
                  "position": "absolute",
                  "top": 0,
                  "transition": "opacity 500ms",
                  "width": "100%",
                }
              }
              title="1"
              width={250}
            />
          </picture>
          <noscript
            dangerouslySetInnerHTML={
              Object {
                "__html": "<picture><source srcset=\\"/static/blah/blah/1.jpg 1x\\" /><img loading=\\"eager\\" width=\\"250\\" height=\\"250\\" srcset=\\"/static/blah/blah/1.jpg 1x\\" src=\\"/static/blah/blah/1.jpg\\" alt=\\"1\\" title=\\"1\\" style=\\"position:absolute;top:0;left:0;opacity:1;width:100%;height:100%;object-fit:cover;object-position:center\\"/></picture>",
              }
            }
          />
        </div>
        <div
          className="photo-navigation parent"
        >
          <div>
            <a
              href="/parent"
            >
              ⯅
            </a>
          </div>
        </div>
        <div
          className="photo-navigation next"
        >
          <div>
            <a
              href="/next"
            >
              ►
            </a>
          </div>
        </div>
      </div>
    </div>
  </main>
</div>
`;
