// Jest Snapshot v1, https://goo.gl/fbAQLP

exports[`Pager renders correctly 1`] = `
<div
  className="pager"
>
  <a
    href="/some-path"
    rel="prev"
  >
    <span
      className="previous-page"
    >
      ← Previous Page
    </span>
  </a>
  <a
    href="/some-path/3"
    rel="next"
  >
    <span
      className="next-page"
    >
      Next Page →
    </span>
  </a>
</div>
`;
